idf.py build
Executing action: all (aliases: build)
Running cmake in directory /Users/adamh/Dev/esp32c3-led-software/build
Executing "cmake -G 'Unix Makefiles' -DPYTHON_DEPS_CHECKED=1 -DPYTHON=/Users/adamh/.espressif/python_env/idf5.2_py3.10_env/bin/python -DESP_PLATFORM=1 -DCCACHE_ENABLE=0 /Users/adamh/Dev/esp32c3-led-software"...
-- The C compiler identification is AppleClang 15.0.0.15000309
-- The CXX compiler identification is AppleClang 15.0.0.15000309
-- Detecting C compiler ABI info
-- Detecting C compiler ABI info - done
-- Check for working C compiler: /Library/Developer/CommandLineTools/usr/bin/cc - skipped
-- Detecting C compile features
-- Detecting C compile features - done
-- Detecting CXX compiler ABI info
-- Detecting CXX compiler ABI info - done
-- Check for working CXX compiler: /Library/Developer/CommandLineTools/usr/bin/c++ - skipped
-- Detecting CXX compile features
-- Detecting CXX compile features - done
-- IDF_TARGET is not set, guessed 'esp32c3' from sdkconfig '/Users/adamh/Dev/esp32c3-led-software/sdkconfig'
-- Found Git: /usr/bin/git (found version "2.39.3 (Apple Git-146)")
-- The ASM compiler identification is AppleClang
-- Found assembler: /Library/Developer/CommandLineTools/usr/bin/cc
-- Building ESP-IDF components for target esp32c3
-- Project sdkconfig file /Users/adamh/Dev/esp32c3-led-software/sdkconfig
CMake Warning at /Users/adamh/esp/esp-idf/components/esp_common/project_include.cmake:14 (message):
  Building ESP-IDF with clang is an experimental feature and is not yet
  officially supported.
Call Stack (most recent call first):
  /Users/adamh/esp/esp-idf/tools/cmake/build.cmake:400 (include)
  /Users/adamh/esp/esp-idf/tools/cmake/build.cmake:624 (__build_process_project_includes)
  /Users/adamh/esp/esp-idf/tools/cmake/project.cmake:605 (idf_build_process)
  CMakeLists.txt:9 (project)


-- Looking for sys/types.h
-- Looking for sys/types.h - found
-- Looking for stdint.h
-- Looking for stdint.h - found
-- Looking for stddef.h
-- Looking for stddef.h - found
-- Check size of time_t
-- Check size of time_t - done
-- Found Python3: /Users/adamh/.espressif/python_env/idf5.2_py3.10_env/bin/python (found version "3.10.10") found components: Interpreter
-- App "esp32c3-led-software" version: 7573208-dirty
-- Adding linker script /Users/adamh/Dev/esp32c3-led-software/build/esp-idf/esp_system/ld/memory.ld
-- Adding linker script /Users/adamh/esp/esp-idf/components/esp_system/ld/esp32c3/sections.ld.in
-- Adding linker script /Users/adamh/esp/esp-idf/components/esp_rom/esp32c3/ld/esp32c3.rom.ld
-- Adding linker script /Users/adamh/esp/esp-idf/components/esp_rom/esp32c3/ld/esp32c3.rom.api.ld
-- Adding linker script /Users/adamh/esp/esp-idf/components/esp_rom/esp32c3/ld/esp32c3.rom.libgcc.ld
-- Adding linker script /Users/adamh/esp/esp-idf/components/esp_rom/esp32c3/ld/esp32c3.rom.newlib.ld
-- Adding linker script /Users/adamh/esp/esp-idf/components/esp_rom/esp32c3/ld/esp32c3.rom.version.ld
-- Adding linker script /Users/adamh/esp/esp-idf/components/esp_rom/esp32c3/ld/esp32c3.rom.eco3.ld
-- Adding linker script /Users/adamh/esp/esp-idf/components/soc/esp32c3/ld/esp32c3.peripherals.ld
-- Components: app_trace app_update bootloader bootloader_support bt cmock console cxx driver efuse esp-tls esp_adc esp_app_format esp_bootloader_format esp_coex esp_common esp_eth esp_event esp_gdbstub esp_hid esp_http_client esp_http_server esp_https_ota esp_https_server esp_hw_support esp_lcd esp_local_ctrl esp_mm esp_netif esp_netif_stack esp_partition esp_phy esp_pm esp_psram esp_ringbuf esp_rom esp_system esp_timer esp_wifi espcoredump esptool_py fatfs freertos hal heap http_parser idf_test ieee802154 json log lwip mbedtls mqtt newlib nvs_flash nvs_sec_provider openthread partition_table protobuf-c protocomm pthread riscv sdmmc soc spi_flash spiffs tcp_transport ulp unity usb vfs wear_levelling wifi_provisioning wpa_supplicant
-- Component paths: /Users/adamh/esp/esp-idf/components/app_trace /Users/adamh/esp/esp-idf/components/app_update /Users/adamh/esp/esp-idf/components/bootloader /Users/adamh/esp/esp-idf/components/bootloader_support /Users/adamh/esp/esp-idf/components/bt /Users/adamh/esp/esp-idf/components/cmock /Users/adamh/esp/esp-idf/components/console /Users/adamh/esp/esp-idf/components/cxx /Users/adamh/esp/esp-idf/components/driver /Users/adamh/esp/esp-idf/components/efuse /Users/adamh/esp/esp-idf/components/esp-tls /Users/adamh/esp/esp-idf/components/esp_adc /Users/adamh/esp/esp-idf/components/esp_app_format /Users/adamh/esp/esp-idf/components/esp_bootloader_format /Users/adamh/esp/esp-idf/components/esp_coex /Users/adamh/esp/esp-idf/components/esp_common /Users/adamh/esp/esp-idf/components/esp_eth /Users/adamh/esp/esp-idf/components/esp_event /Users/adamh/esp/esp-idf/components/esp_gdbstub /Users/adamh/esp/esp-idf/components/esp_hid /Users/adamh/esp/esp-idf/components/esp_http_client /Users/adamh/esp/esp-idf/components/esp_http_server /Users/adamh/esp/esp-idf/components/esp_https_ota /Users/adamh/esp/esp-idf/components/esp_https_server /Users/adamh/esp/esp-idf/components/esp_hw_support /Users/adamh/esp/esp-idf/components/esp_lcd /Users/adamh/esp/esp-idf/components/esp_local_ctrl /Users/adamh/esp/esp-idf/components/esp_mm /Users/adamh/esp/esp-idf/components/esp_netif /Users/adamh/esp/esp-idf/components/esp_netif_stack /Users/adamh/esp/esp-idf/components/esp_partition /Users/adamh/esp/esp-idf/components/esp_phy /Users/adamh/esp/esp-idf/components/esp_pm /Users/adamh/esp/esp-idf/components/esp_psram /Users/adamh/esp/esp-idf/components/esp_ringbuf /Users/adamh/esp/esp-idf/components/esp_rom /Users/adamh/esp/esp-idf/components/esp_system /Users/adamh/esp/esp-idf/components/esp_timer /Users/adamh/esp/esp-idf/components/esp_wifi /Users/adamh/esp/esp-idf/components/espcoredump /Users/adamh/esp/esp-idf/components/esptool_py /Users/adamh/esp/esp-idf/components/fatfs /Users/adamh/esp/esp-idf/components/freertos /Users/adamh/esp/esp-idf/components/hal /Users/adamh/esp/esp-idf/components/heap /Users/adamh/esp/esp-idf/components/http_parser /Users/adamh/esp/esp-idf/components/idf_test /Users/adamh/esp/esp-idf/components/ieee802154 /Users/adamh/esp/esp-idf/components/json /Users/adamh/esp/esp-idf/components/log /Users/adamh/esp/esp-idf/components/lwip /Users/adamh/esp/esp-idf/components/mbedtls /Users/adamh/esp/esp-idf/components/mqtt /Users/adamh/esp/esp-idf/components/newlib /Users/adamh/esp/esp-idf/components/nvs_flash /Users/adamh/esp/esp-idf/components/nvs_sec_provider /Users/adamh/esp/esp-idf/components/openthread /Users/adamh/esp/esp-idf/components/partition_table /Users/adamh/esp/esp-idf/components/protobuf-c /Users/adamh/esp/esp-idf/components/protocomm /Users/adamh/esp/esp-idf/components/pthread /Users/adamh/esp/esp-idf/components/riscv /Users/adamh/esp/esp-idf/components/sdmmc /Users/adamh/esp/esp-idf/components/soc /Users/adamh/esp/esp-idf/components/spi_flash /Users/adamh/esp/esp-idf/components/spiffs /Users/adamh/esp/esp-idf/components/tcp_transport /Users/adamh/esp/esp-idf/components/ulp /Users/adamh/esp/esp-idf/components/unity /Users/adamh/esp/esp-idf/components/usb /Users/adamh/esp/esp-idf/components/vfs /Users/adamh/esp/esp-idf/components/wear_levelling /Users/adamh/esp/esp-idf/components/wifi_provisioning /Users/adamh/esp/esp-idf/components/wpa_supplicant
-- Configuring done (11.8s)
-- Generating done (0.8s)
-- Build files have been written to: /Users/adamh/Dev/esp32c3-led-software/build
Running make in directory /Users/adamh/Dev/esp32c3-led-software/build
Executing "make -j 12 all"...
[  0%] Built target custom_bundle
[  0%] Generating project_elf_src_esp32c3.c
[  0%] Generating memory.ld linker script...
[  0%] Generating ../../partition_table/partition-table.bin
[  0%] Built target _project_elf_src
[  0%] Built target memory_ld
Partition table binary generated. Contents:
*******************************************************************************
[  0%] Building C object esp-idf/esp_https_ota/CMakeFiles/__idf_esp_https_ota.dir/src/esp_https_ota.c.o
# ESP-IDF Partition Table
# Name, Type, SubType, Offset, Size, Flags
nvs,data,nvs,0x9000,24K,
phy_init,data,phy,0xf000,4K,
factory,app,factory,0x10000,1M,
*******************************************************************************
In file included from /Users/adamh/esp/esp-idf/components/esp_https_ota/src/esp_https_ota.c:10:
In file included from /Users/adamh/esp/esp-idf/components/esp_https_ota/include/esp_https_ota.h:9:
In file included from /Users/adamh/esp/esp-idf/components/esp_http_client/include/esp_http_client.h:10:
In file included from /Users/adamh/esp/esp-idf/components/freertos/FreeRTOS-Kernel/include/freertos/FreeRTOS.h:69:
In file included from /Users/adamh/esp/esp-idf/components/freertos/FreeRTOS-Kernel/include/freertos/portable.h:57:
In file included from /Users/adamh/esp/esp-idf/components/freertos/FreeRTOS-Kernel/portable/riscv/include/freertos/portmacro.h:61:
In file included from /Users/adamh/esp/esp-idf/components/esp_hw_support/include/spinlock.h:11:
/Users/adamh/esp/esp-idf/components/esp_hw_support/include/esp_cpu.h:129:17: error: call to undeclared function 'rv_utils_get_core_id'; ISO C99 and later do not support implicit function declarations [-Wimplicit-function-declaration]
    return (int)rv_utils_get_core_id();
                ^
/Users/adamh/esp/esp-idf/components/esp_hw_support/include/esp_cpu.h:143:12: error: call to undeclared function 'rv_utils_get_sp'; ISO C99 and later do not support implicit function declarations [-Wimplicit-function-declaration]
    return rv_utils_get_sp();
           ^
/Users/adamh/esp/esp-idf/components/esp_hw_support/include/esp_cpu.h:143:12: error: incompatible integer to pointer conversion returning 'int' from a function with result type 'void *' [-Wint-conversion]
    return rv_utils_get_sp();
           ^~~~~~~~~~~~~~~~~
/Users/adamh/esp/esp-idf/components/esp_hw_support/include/esp_cpu.h:160:35: error: call to undeclared function 'rv_utils_get_cycle_count'; ISO C99 and later do not support implicit function declarations [-Wimplicit-function-declaration]
    return (esp_cpu_cycle_count_t)rv_utils_get_cycle_count();
                                  ^
/Users/adamh/esp/esp-idf/components/esp_hw_support/include/esp_cpu.h:160:35: note: did you mean 'esp_cpu_get_cycle_count'?
/Users/adamh/esp/esp-idf/components/esp_hw_support/include/esp_cpu.h:155:41: note: 'esp_cpu_get_cycle_count' declared here
FORCE_INLINE_ATTR esp_cpu_cycle_count_t esp_cpu_get_cycle_count(void)
                                        ^
/Users/adamh/esp/esp-idf/components/esp_hw_support/include/esp_cpu.h:177:5: error: call to undeclared function 'rv_utils_set_cycle_count'; ISO C99 and later do not support implicit function declarations [-Wimplicit-function-declaration]
    rv_utils_set_cycle_count((uint32_t)cycle_count);
    ^
/Users/adamh/esp/esp-idf/components/esp_hw_support/include/esp_cpu.h:177:5: note: did you mean 'esp_cpu_set_cycle_count'?
/Users/adamh/esp/esp-idf/components/esp_hw_support/include/esp_cpu.h:172:24: note: 'esp_cpu_set_cycle_count' declared here
FORCE_INLINE_ATTR void esp_cpu_set_cycle_count(esp_cpu_cycle_count_t cycle_count)
                       ^
/Users/adamh/esp/esp-idf/components/esp_hw_support/include/esp_cpu.h:197:12: warning: cast to 'void *' from smaller integer type 'uint32_t' (aka 'unsigned int') [-Wint-to-void-pointer-cast]
    return (void *)pc;
           ^~~~~~~~~~
/Users/adamh/esp/esp-idf/components/esp_hw_support/include/esp_cpu.h:232:5: error: call to undeclared function 'rv_utils_set_mtvec'; ISO C99 and later do not support implicit function declarations [-Wimplicit-function-declaration]
    rv_utils_set_mtvec((uint32_t)ivt_addr);
    ^
/Users/adamh/esp/esp-idf/components/esp_hw_support/include/esp_cpu.h:232:24: warning: cast to smaller integer type 'uint32_t' (aka 'unsigned int') from 'const void *' [-Wvoid-pointer-to-int-cast]
    rv_utils_set_mtvec((uint32_t)ivt_addr);
                       ^~~~~~~~~~~~~~~~~~
/Users/adamh/esp/esp-idf/components/esp_hw_support/include/esp_cpu.h:262:5: error: call to undeclared function '__assert_func'; ISO C99 and later do not support implicit function declarations [-Wimplicit-function-declaration]
    assert(intr_num >= 0 && intr_num < SOC_CPU_INTR_NUM);
    ^
/Users/adamh/esp/esp-idf/components/newlib/platform_include/assert.h:42:63: note: expanded from macro 'assert'
#define assert(__e) (__builtin_expect(!!(__e), 1) ? (void)0 : __assert_func (__FILENAME__, __LINE__, \
                                                              ^
/Users/adamh/esp/esp-idf/components/esp_hw_support/include/esp_cpu.h:262:5: note: did you mean '__assert_rtn'?
/Users/adamh/esp/esp-idf/components/newlib/platform_include/assert.h:42:63: note: expanded from macro 'assert'
#define assert(__e) (__builtin_expect(!!(__e), 1) ? (void)0 : __assert_func (__FILENAME__, __LINE__, \
                                                              ^
/Library/Developer/CommandLineTools/SDKs/MacOSX14.4.sdk/usr/include/assert.h:82:6: note: '__assert_rtn' declared here
void __assert_rtn(const char *, const char *, int, const char *) __dead2 __cold __disable_tail_calls;
     ^
In file included from /Users/adamh/esp/esp-idf/components/esp_https_ota/src/esp_https_ota.c:10:
In file included from /Users/adamh/esp/esp-idf/components/esp_https_ota/include/esp_https_ota.h:9:
In file included from /Users/adamh/esp/esp-idf/components/esp_http_client/include/esp_http_client.h:10:
In file included from /Users/adamh/esp/esp-idf/components/freertos/FreeRTOS-Kernel/include/freertos/FreeRTOS.h:69:
In file included from /Users/adamh/esp/esp-idf/components/freertos/FreeRTOS-Kernel/include/freertos/portable.h:57:
In file included from /Users/adamh/esp/esp-idf/components/freertos/FreeRTOS-Kernel/portable/riscv/include/freertos/portmacro.h:61:
In file included from /Users/adamh/esp/esp-idf/components/esp_hw_support/include/spinlock.h:11:
/Users/adamh/esp/esp-idf/components/esp_hw_support/include/esp_cpu.h:263:20: error: variable has incomplete type 'enum intr_type'
    enum intr_type type = (intr_type == ESP_CPU_INTR_TYPE_LEVEL) ? INTR_TYPE_LEVEL : INTR_TYPE_EDGE;
                   ^
/Users/adamh/esp/esp-idf/components/esp_hw_support/include/esp_cpu.h:263:10: note: forward declaration of 'enum intr_type'
    enum intr_type type = (intr_type == ESP_CPU_INTR_TYPE_LEVEL) ? INTR_TYPE_LEVEL : INTR_TYPE_EDGE;
         ^
/Users/adamh/esp/esp-idf/components/esp_hw_support/include/esp_cpu.h:264:5: error: call to undeclared function 'esprv_intc_int_set_type'; ISO C99 and later do not support implicit function declarations [-Wimplicit-function-declaration]
    esprv_intc_int_set_type(intr_num, type);
    ^
/Users/adamh/esp/esp-idf/components/esp_hw_support/include/esp_cpu.h:264:5: note: did you mean 'esp_cpu_intr_set_type'?
/Users/adamh/esp/esp-idf/components/esp_hw_support/include/esp_cpu.h:260:24: note: 'esp_cpu_intr_set_type' declared here
FORCE_INLINE_ATTR void esp_cpu_intr_set_type(int intr_num, esp_cpu_intr_type_t intr_type)
                       ^
/Users/adamh/esp/esp-idf/components/esp_hw_support/include/esp_cpu.h:278:5: error: call to undeclared function '__assert_func'; ISO C99 and later do not support implicit function declarations [-Wimplicit-function-declaration]
    assert(intr_num >= 0 && intr_num < SOC_CPU_INTR_NUM);
    ^
/Users/adamh/esp/esp-idf/components/newlib/platform_include/assert.h:42:63: note: expanded from macro 'assert'
#define assert(__e) (__builtin_expect(!!(__e), 1) ? (void)0 : __assert_func (__FILENAME__, __LINE__, \
                                                              ^
In file included from /Users/adamh/esp/esp-idf/components/esp_https_ota/src/esp_https_ota.c:10:
In file included from /Users/adamh/esp/esp-idf/components/esp_https_ota/include/esp_https_ota.h:9:
In file included from /Users/adamh/esp/esp-idf/components/esp_http_client/include/esp_http_client.h:10:
In file included from /Users/adamh/esp/esp-idf/components/freertos/FreeRTOS-Kernel/include/freertos/FreeRTOS.h:69:
In file included from /Users/adamh/esp/esp-idf/components/freertos/FreeRTOS-Kernel/include/freertos/portable.h:57:
In file included from /Users/adamh/esp/esp-idf/components/freertos/FreeRTOS-Kernel/portable/riscv/include/freertos/portmacro.h:61:
In file included from /Users/adamh/esp/esp-idf/components/esp_hw_support/include/spinlock.h:11:
/Users/adamh/esp/esp-idf/components/esp_hw_support/include/esp_cpu.h:279:27: error: call to undeclared function 'esprv_intc_int_get_type'; ISO C99 and later do not support implicit function declarations [-Wimplicit-function-declaration]
    enum intr_type type = esprv_intc_int_get_type(intr_num);
                          ^
/Users/adamh/esp/esp-idf/components/esp_hw_support/include/esp_cpu.h:279:27: note: did you mean 'esp_cpu_intr_get_type'?
/Users/adamh/esp/esp-idf/components/esp_hw_support/include/esp_cpu.h:276:39: note: 'esp_cpu_intr_get_type' declared here
FORCE_INLINE_ATTR esp_cpu_intr_type_t esp_cpu_intr_get_type(int intr_num)
                                      ^
/Users/adamh/esp/esp-idf/components/esp_hw_support/include/esp_cpu.h:279:20: error: variable has incomplete type 'enum intr_type'
    enum intr_type type = esprv_intc_int_get_type(intr_num);
                   ^
/Users/adamh/esp/esp-idf/components/esp_hw_support/include/esp_cpu.h:279:10: note: forward declaration of 'enum intr_type'
    enum intr_type type = esprv_intc_int_get_type(intr_num);
         ^
/Users/adamh/esp/esp-idf/components/esp_hw_support/include/esp_cpu.h:280:21: error: use of undeclared identifier 'INTR_TYPE_LEVEL'
    return (type == INTR_TYPE_LEVEL) ? ESP_CPU_INTR_TYPE_LEVEL : ESP_CPU_INTR_TYPE_EDGE;
                    ^
/Users/adamh/esp/esp-idf/components/esp_hw_support/include/esp_cpu.h:293:5: error: call to undeclared function '__assert_func'; ISO C99 and later do not support implicit function declarations [-Wimplicit-function-declaration]
    assert(intr_num >= 0 && intr_num < SOC_CPU_INTR_NUM);
    ^
/Users/adamh/esp/esp-idf/components/newlib/platform_include/assert.h:42:63: note: expanded from macro 'assert'
#define assert(__e) (__builtin_expect(!!(__e), 1) ? (void)0 : __assert_func (__FILENAME__, __LINE__, \
                                                              ^
[  0%] Built target partition_table_bin
In file included from /Users/adamh/esp/esp-idf/components/esp_https_ota/src/esp_https_ota.c:10:
In file included from /Users/adamh/esp/esp-idf/components/esp_https_ota/include/esp_https_ota.h:9:
In file included from /Users/adamh/esp/esp-idf/components/esp_http_client/include/esp_http_client.h:10:
In file included from /Users/adamh/esp/esp-idf/components/freertos/FreeRTOS-Kernel/include/freertos/FreeRTOS.h:69:
In file included from /Users/adamh/esp/esp-idf/components/freertos/FreeRTOS-Kernel/include/freertos/portable.h:57:
In file included from /Users/adamh/esp/esp-idf/components/freertos/FreeRTOS-Kernel/portable/riscv/include/freertos/portmacro.h:61:
In file included from /Users/adamh/esp/esp-idf/components/esp_hw_support/include/spinlock.h:11:
/Users/adamh/esp/esp-idf/components/esp_hw_support/include/esp_cpu.h:294:5: error: call to undeclared function 'esprv_intc_int_set_priority'; ISO C99 and later do not support implicit function declarations [-Wimplicit-function-declaration]
    esprv_intc_int_set_priority(intr_num, intr_priority);
    ^
/Users/adamh/esp/esp-idf/components/esp_hw_support/include/esp_cpu.h:294:5: note: did you mean 'esp_cpu_intr_set_priority'?
/Users/adamh/esp/esp-idf/components/esp_hw_support/include/esp_cpu.h:291:24: note: 'esp_cpu_intr_set_priority' declared here
FORCE_INLINE_ATTR void esp_cpu_intr_set_priority(int intr_num, int intr_priority)
                       ^
/Users/adamh/esp/esp-idf/components/esp_hw_support/include/esp_cpu.h:308:5: error: call to undeclared function '__assert_func'; ISO C99 and later do not support implicit function declarations [-Wimplicit-function-declaration]
    assert(intr_num >= 0 && intr_num < SOC_CPU_INTR_NUM);
    ^
/Users/adamh/esp/esp-idf/components/newlib/platform_include/assert.h:42:63: note: expanded from macro 'assert'
#define assert(__e) (__builtin_expect(!!(__e), 1) ? (void)0 : __assert_func (__FILENAME__, __LINE__, \
                                                              ^
In file included from /Users/adamh/esp/esp-idf/components/esp_https_ota/src/esp_https_ota.c:10:
In file included from /Users/adamh/esp/esp-idf/components/esp_https_ota/include/esp_https_ota.h:9:
In file included from /Users/adamh/esp/esp-idf/components/esp_http_client/include/esp_http_client.h:10:
In file included from /Users/adamh/esp/esp-idf/components/freertos/FreeRTOS-Kernel/include/freertos/FreeRTOS.h:69:
In file included from /Users/adamh/esp/esp-idf/components/freertos/FreeRTOS-Kernel/include/freertos/portable.h:57:
In file included from /Users/adamh/esp/esp-idf/components/freertos/FreeRTOS-Kernel/portable/riscv/include/freertos/portmacro.h:61:
In file included from /Users/adamh/esp/esp-idf/components/esp_hw_support/include/spinlock.h:11:
/Users/adamh/esp/esp-idf/components/esp_hw_support/include/esp_cpu.h:309:12: error: call to undeclared function 'esprv_intc_int_get_priority'; ISO C99 and later do not support implicit function declarations [-Wimplicit-function-declaration]
    return esprv_intc_int_get_priority(intr_num);
           ^
/Users/adamh/esp/esp-idf/components/esp_hw_support/include/esp_cpu.h:309:12: note: did you mean 'esp_cpu_intr_get_priority'?
/Users/adamh/esp/esp-idf/components/esp_hw_support/include/esp_cpu.h:306:23: note: 'esp_cpu_intr_get_priority' declared here
FORCE_INLINE_ATTR int esp_cpu_intr_get_priority(int intr_num)
                      ^
/Users/adamh/esp/esp-idf/components/esp_hw_support/include/esp_cpu.h:326:5: error: call to undeclared function '__assert_func'; ISO C99 and later do not support implicit function declarations [-Wimplicit-function-declaration]
    assert(intr_num >= 0 && intr_num < SOC_CPU_INTR_NUM);
    ^
/Users/adamh/esp/esp-idf/components/newlib/platform_include/assert.h:42:63: note: expanded from macro 'assert'
#define assert(__e) (__builtin_expect(!!(__e), 1) ? (void)0 : __assert_func (__FILENAME__, __LINE__, \
                                                              ^
In file included from /Users/adamh/esp/esp-idf/components/esp_https_ota/src/esp_https_ota.c:10:
In file included from /Users/adamh/esp/esp-idf/components/esp_https_ota/include/esp_https_ota.h:9:
In file included from /Users/adamh/esp/esp-idf/components/esp_http_client/include/esp_http_client.h:10:
In file included from /Users/adamh/esp/esp-idf/components/freertos/FreeRTOS-Kernel/include/freertos/FreeRTOS.h:69:
In file included from /Users/adamh/esp/esp-idf/components/freertos/FreeRTOS-Kernel/include/freertos/portable.h:57:
In file included from /Users/adamh/esp/esp-idf/components/freertos/FreeRTOS-Kernel/portable/riscv/include/freertos/portmacro.h:61:
In file included from /Users/adamh/esp/esp-idf/components/esp_hw_support/include/spinlock.h:11:
/Users/adamh/esp/esp-idf/components/esp_hw_support/include/esp_cpu.h:331:19: error: call to undeclared function 'intr_handler_get'; ISO C99 and later do not support implicit function declarations [-Wimplicit-function-declaration]
    has_handler = intr_handler_get(intr_num);
                  ^
fatal error: too many errors emitted, stopping now [-ferror-limit=]
2 warnings and 20 errors generated.
make[2]: *** [esp-idf/esp_https_ota/CMakeFiles/__idf_esp_https_ota.dir/src/esp_https_ota.c.o] Error 1
make[1]: *** [esp-idf/esp_https_ota/CMakeFiles/__idf_esp_https_ota.dir/all] Error 2
make[1]: *** Waiting for unfinished jobs....
[  0%] Creating directories for 'bootloader'
[  0%] No download step for 'bootloader'
[  0%] No update step for 'bootloader'
[  0%] No patch step for 'bootloader'
[  0%] Performing configure step for 'bootloader'
-- Found Git: /usr/bin/git (found version "2.39.3 (Apple Git-146)")
-- The C compiler identification is GNU 13.2.0
-- The CXX compiler identification is GNU 13.2.0
-- The ASM compiler identification is GNU
-- Found assembler: /Users/adamh/.espressif/tools/riscv32-esp-elf/esp-13.2.0_20230928/riscv32-esp-elf/bin/riscv32-esp-elf-gcc
-- Detecting C compiler ABI info
-- Detecting C compiler ABI info - done
-- Check for working C compiler: /Users/adamh/.espressif/tools/riscv32-esp-elf/esp-13.2.0_20230928/riscv32-esp-elf/bin/riscv32-esp-elf-gcc - skipped
-- Detecting C compile features
-- Detecting C compile features - done
-- Detecting CXX compiler ABI info
-- Detecting CXX compiler ABI info - done
-- Check for working CXX compiler: /Users/adamh/.espressif/tools/riscv32-esp-elf/esp-13.2.0_20230928/riscv32-esp-elf/bin/riscv32-esp-elf-g++ - skipped
-- Detecting CXX compile features
-- Detecting CXX compile features - done
-- Building ESP-IDF components for target esp32c3
-- Project sdkconfig file /Users/adamh/Dev/esp32c3-led-software/sdkconfig
-- Looking for sys/types.h
-- Looking for sys/types.h - found
-- Looking for stdint.h
-- Looking for stdint.h - found
-- Looking for stddef.h
-- Looking for stddef.h - found
-- Check size of time_t
-- Check size of time_t - done
-- Adding linker script /Users/adamh/esp/esp-idf/components/soc/esp32c3/ld/esp32c3.peripherals.ld
-- Bootloader project name: "bootloader" version: 1
-- Adding linker script /Users/adamh/esp/esp-idf/components/esp_rom/esp32c3/ld/esp32c3.rom.ld
-- Adding linker script /Users/adamh/esp/esp-idf/components/esp_rom/esp32c3/ld/esp32c3.rom.api.ld
-- Adding linker script /Users/adamh/esp/esp-idf/components/esp_rom/esp32c3/ld/esp32c3.rom.libgcc.ld
-- Adding linker script /Users/adamh/esp/esp-idf/components/esp_rom/esp32c3/ld/esp32c3.rom.newlib.ld
-- Adding linker script /Users/adamh/esp/esp-idf/components/bootloader/subproject/main/ld/esp32c3/bootloader.ld
-- Adding linker script /Users/adamh/esp/esp-idf/components/bootloader/subproject/main/ld/esp32c3/bootloader.rom.ld
-- Components: bootloader bootloader_support efuse esp_app_format esp_bootloader_format esp_common esp_hw_support esp_rom esp_system esptool_py freertos hal log main micro-ecc newlib partition_table riscv soc spi_flash
-- Component paths: /Users/adamh/esp/esp-idf/components/bootloader /Users/adamh/esp/esp-idf/components/bootloader_support /Users/adamh/esp/esp-idf/components/efuse /Users/adamh/esp/esp-idf/components/esp_app_format /Users/adamh/esp/esp-idf/components/esp_bootloader_format /Users/adamh/esp/esp-idf/components/esp_common /Users/adamh/esp/esp-idf/components/esp_hw_support /Users/adamh/esp/esp-idf/components/esp_rom /Users/adamh/esp/esp-idf/components/esp_system /Users/adamh/esp/esp-idf/components/esptool_py /Users/adamh/esp/esp-idf/components/freertos /Users/adamh/esp/esp-idf/components/hal /Users/adamh/esp/esp-idf/components/log /Users/adamh/esp/esp-idf/components/bootloader/subproject/main /Users/adamh/esp/esp-idf/components/bootloader/subproject/components/micro-ecc /Users/adamh/esp/esp-idf/components/newlib /Users/adamh/esp/esp-idf/components/partition_table /Users/adamh/esp/esp-idf/components/riscv /Users/adamh/esp/esp-idf/components/soc /Users/adamh/esp/esp-idf/components/spi_flash
-- Configuring done (6.8s)
-- Generating done (0.1s)
-- Build files have been written to: /Users/adamh/Dev/esp32c3-led-software/build/bootloader
[  0%] Performing build step for 'bootloader'
[  2%] Building C object esp-idf/log/CMakeFiles/__idf_log.dir/log.c.obj
[  2%] Generating project_elf_src_esp32c3.c
[  4%] Building C object esp-idf/log/CMakeFiles/__idf_log.dir/log_buffers.c.obj
[  4%] Building C object esp-idf/log/CMakeFiles/__idf_log.dir/log_noos.c.obj
[  4%] Built target _project_elf_src
[  5%] Linking C static library liblog.a
[  5%] Built target __idf_log
[  8%] Building C object esp-idf/esp_rom/CMakeFiles/__idf_esp_rom.dir/patches/esp_rom_sys.c.obj
[  8%] Building C object esp-idf/esp_rom/CMakeFiles/__idf_esp_rom.dir/patches/esp_rom_crc.c.obj
[  8%] Building C object esp-idf/esp_rom/CMakeFiles/__idf_esp_rom.dir/patches/esp_rom_efuse.c.obj
[  9%] Building C object esp-idf/esp_rom/CMakeFiles/__idf_esp_rom.dir/patches/esp_rom_systimer.c.obj
[ 11%] Building C object esp-idf/esp_rom/CMakeFiles/__idf_esp_rom.dir/patches/esp_rom_spiflash.c.obj
[ 11%] Building C object esp-idf/esp_rom/CMakeFiles/__idf_esp_rom.dir/patches/esp_rom_uart.c.obj
[ 12%] Linking C static library libesp_rom.a
[ 12%] Built target __idf_esp_rom
[ 13%] Building C object esp-idf/esp_common/CMakeFiles/__idf_esp_common.dir/src/esp_err_to_name.c.obj
[ 14%] Linking C static library libesp_common.a
[ 14%] Built target __idf_esp_common
[ 15%] Building C object esp-idf/esp_hw_support/CMakeFiles/__idf_esp_hw_support.dir/cpu.c.obj
[ 16%] Building C object esp-idf/esp_hw_support/CMakeFiles/__idf_esp_hw_support.dir/port/esp32c3/rtc_init.c.obj
[ 17%] Building C object esp-idf/esp_hw_support/CMakeFiles/__idf_esp_hw_support.dir/port/esp32c3/cpu_region_protect.c.obj
[ 18%] Building C object esp-idf/esp_hw_support/CMakeFiles/__idf_esp_hw_support.dir/port/esp32c3/rtc_clk_init.c.obj
[ 19%] Building C object esp-idf/esp_hw_support/CMakeFiles/__idf_esp_hw_support.dir/port/esp32c3/chip_info.c.obj
[ 20%] Building C object esp-idf/esp_hw_support/CMakeFiles/__idf_esp_hw_support.dir/port/esp32c3/rtc_time.c.obj
[ 21%] Building C object esp-idf/esp_hw_support/CMakeFiles/__idf_esp_hw_support.dir/port/esp32c3/rtc_clk.c.obj
[ 22%] Building C object esp-idf/esp_hw_support/CMakeFiles/__idf_esp_hw_support.dir/port/esp32c3/rtc_sleep.c.obj
[ 23%] Building C object esp-idf/esp_hw_support/CMakeFiles/__idf_esp_hw_support.dir/esp_memory_utils.c.obj
[ 24%] Linking C static library libesp_hw_support.a
[ 24%] Built target __idf_esp_hw_support
[ 25%] Building C object esp-idf/esp_system/CMakeFiles/__idf_esp_system.dir/esp_err.c.obj
[ 26%] Linking C static library libesp_system.a
[ 26%] Built target __idf_esp_system
[ 28%] Building C object esp-idf/efuse/CMakeFiles/__idf_efuse.dir/esp32c3/esp_efuse_table.c.obj
[ 28%] Building C object esp-idf/efuse/CMakeFiles/__idf_efuse.dir/esp32c3/esp_efuse_fields.c.obj
[ 29%] Building C object esp-idf/efuse/CMakeFiles/__idf_efuse.dir/esp32c3/esp_efuse_rtc_calib.c.obj
[ 30%] Building C object esp-idf/efuse/CMakeFiles/__idf_efuse.dir/src/esp_efuse_api.c.obj
[ 31%] Building C object esp-idf/efuse/CMakeFiles/__idf_efuse.dir/src/esp_efuse_utility.c.obj
[ 32%] Building C object esp-idf/efuse/CMakeFiles/__idf_efuse.dir/src/esp_efuse_fields.c.obj
[ 34%] Building C object esp-idf/efuse/CMakeFiles/__idf_efuse.dir/src/efuse_controller/keys/with_key_purposes/esp_efuse_api_key.c.obj
[ 35%] Building C object esp-idf/efuse/CMakeFiles/__idf_efuse.dir/esp32c3/esp_efuse_utility.c.obj
[ 36%] Linking C static library libefuse.a
[ 36%] Built target __idf_efuse
[ 38%] Building C object esp-idf/bootloader_support/CMakeFiles/__idf_bootloader_support.dir/src/bootloader_common.c.obj
[ 38%] Building C object esp-idf/bootloader_support/CMakeFiles/__idf_bootloader_support.dir/src/bootloader_common_loader.c.obj
[ 39%] Building C object esp-idf/bootloader_support/CMakeFiles/__idf_bootloader_support.dir/src/bootloader_clock_init.c.obj
[ 40%] Building C object esp-idf/bootloader_support/CMakeFiles/__idf_bootloader_support.dir/src/bootloader_random_esp32c3.c.obj
[ 41%] Building C object esp-idf/bootloader_support/CMakeFiles/__idf_bootloader_support.dir/src/secure_boot.c.obj
[ 42%] Building C object esp-idf/bootloader_support/CMakeFiles/__idf_bootloader_support.dir/src/bootloader_efuse.c.obj
[ 43%] Building C object esp-idf/bootloader_support/CMakeFiles/__idf_bootloader_support.dir/src/flash_encrypt.c.obj
[ 44%] Building C object esp-idf/bootloader_support/CMakeFiles/__idf_bootloader_support.dir/bootloader_flash/src/bootloader_flash_config_esp32c3.c.obj
[ 45%] Building C object esp-idf/bootloader_support/CMakeFiles/__idf_bootloader_support.dir/src/bootloader_mem.c.obj
[ 46%] Building C object esp-idf/bootloader_support/CMakeFiles/__idf_bootloader_support.dir/bootloader_flash/src/bootloader_flash.c.obj
[ 47%] Building C object esp-idf/bootloader_support/CMakeFiles/__idf_bootloader_support.dir/bootloader_flash/src/flash_qio_mode.c.obj
[ 48%] Building C object esp-idf/bootloader_support/CMakeFiles/__idf_bootloader_support.dir/src/bootloader_random.c.obj
[ 49%] Building C object esp-idf/bootloader_support/CMakeFiles/__idf_bootloader_support.dir/src/bootloader_utility.c.obj
[ 50%] Building C object esp-idf/bootloader_support/CMakeFiles/__idf_bootloader_support.dir/src/flash_partitions.c.obj
[ 51%] Building C object esp-idf/bootloader_support/CMakeFiles/__idf_bootloader_support.dir/src/esp_image_format.c.obj
[ 52%] Building C object esp-idf/bootloader_support/CMakeFiles/__idf_bootloader_support.dir/src/bootloader_init.c.obj
[ 53%] Building C object esp-idf/bootloader_support/CMakeFiles/__idf_bootloader_support.dir/src/bootloader_clock_loader.c.obj
[ 54%] Building C object esp-idf/bootloader_support/CMakeFiles/__idf_bootloader_support.dir/src/bootloader_console.c.obj
[ 55%] Building C object esp-idf/bootloader_support/CMakeFiles/__idf_bootloader_support.dir/src/bootloader_console_loader.c.obj
[ 56%] Building C object esp-idf/bootloader_support/CMakeFiles/__idf_bootloader_support.dir/src/esp32c3/bootloader_sha.c.obj
[ 57%] Building C object esp-idf/bootloader_support/CMakeFiles/__idf_bootloader_support.dir/src/esp32c3/bootloader_soc.c.obj
[ 58%] Building C object esp-idf/bootloader_support/CMakeFiles/__idf_bootloader_support.dir/src/esp32c3/bootloader_esp32c3.c.obj
[ 59%] Building C object esp-idf/bootloader_support/CMakeFiles/__idf_bootloader_support.dir/src/bootloader_panic.c.obj
[ 60%] Linking C static library libbootloader_support.a
[ 60%] Built target __idf_bootloader_support
[ 61%] Building C object esp-idf/esp_bootloader_format/CMakeFiles/__idf_esp_bootloader_format.dir/esp_bootloader_desc.c.obj
[ 62%] Linking C static library libesp_bootloader_format.a
[ 62%] Built target __idf_esp_bootloader_format
[ 63%] Building C object esp-idf/spi_flash/CMakeFiles/__idf_spi_flash.dir/spi_flash_wrap.c.obj
[ 64%] Linking C static library libspi_flash.a
[ 64%] Built target __idf_spi_flash
[ 67%] Building C object esp-idf/hal/CMakeFiles/__idf_hal.dir/esp32c3/efuse_hal.c.obj
[ 67%] Building C object esp-idf/hal/CMakeFiles/__idf_hal.dir/hal_utils.c.obj
[ 68%] Building C object esp-idf/hal/CMakeFiles/__idf_hal.dir/cache_hal.c.obj
[ 69%] Building C object esp-idf/hal/CMakeFiles/__idf_hal.dir/efuse_hal.c.obj
[ 70%] Building C object esp-idf/hal/CMakeFiles/__idf_hal.dir/wdt_hal_iram.c.obj
[ 71%] Building C object esp-idf/hal/CMakeFiles/__idf_hal.dir/mmu_hal.c.obj
[ 72%] Linking C static library libhal.a
[ 72%] Built target __idf_hal
[ 73%] Building C object esp-idf/micro-ecc/CMakeFiles/__idf_micro-ecc.dir/uECC_verify_antifault.c.obj
[ 74%] Linking C static library libmicro-ecc.a
[ 74%] Built target __idf_micro-ecc
[ 75%] Building C object esp-idf/soc/CMakeFiles/__idf_soc.dir/lldesc.c.obj
[ 76%] Building C object esp-idf/soc/CMakeFiles/__idf_soc.dir/dport_access_common.c.obj
[ 77%] Building C object esp-idf/soc/CMakeFiles/__idf_soc.dir/esp32c3/ledc_periph.c.obj
[ 78%] Building C object esp-idf/soc/CMakeFiles/__idf_soc.dir/esp32c3/uart_periph.c.obj
[ 79%] Building C object esp-idf/soc/CMakeFiles/__idf_soc.dir/esp32c3/spi_periph.c.obj
[ 80%] Building C object esp-idf/soc/CMakeFiles/__idf_soc.dir/esp32c3/gpio_periph.c.obj
[ 81%] Building C object esp-idf/soc/CMakeFiles/__idf_soc.dir/esp32c3/adc_periph.c.obj
[ 82%] Building C object esp-idf/soc/CMakeFiles/__idf_soc.dir/esp32c3/rmt_periph.c.obj
[ 83%] Building C object esp-idf/soc/CMakeFiles/__idf_soc.dir/esp32c3/interrupts.c.obj
[ 84%] Building C object esp-idf/soc/CMakeFiles/__idf_soc.dir/esp32c3/sdm_periph.c.obj
[ 85%] Building C object esp-idf/soc/CMakeFiles/__idf_soc.dir/esp32c3/dedic_gpio_periph.c.obj
[ 86%] Building C object esp-idf/soc/CMakeFiles/__idf_soc.dir/esp32c3/gdma_periph.c.obj
[ 87%] Building C object esp-idf/soc/CMakeFiles/__idf_soc.dir/esp32c3/i2s_periph.c.obj
[ 88%] Building C object esp-idf/soc/CMakeFiles/__idf_soc.dir/esp32c3/i2c_periph.c.obj
[ 89%] Building C object esp-idf/soc/CMakeFiles/__idf_soc.dir/esp32c3/temperature_sensor_periph.c.obj
[ 90%] Building C object esp-idf/soc/CMakeFiles/__idf_soc.dir/esp32c3/timer_periph.c.obj
[ 92%] Building C object esp-idf/soc/CMakeFiles/__idf_soc.dir/esp32c3/mpi_periph.c.obj
[ 92%] Building C object esp-idf/soc/CMakeFiles/__idf_soc.dir/esp32c3/twai_periph.c.obj
[ 93%] Linking C static library libsoc.a
[ 93%] Built target __idf_soc
[ 94%] Building C object esp-idf/main/CMakeFiles/__idf_main.dir/bootloader_start.c.obj
[ 95%] Linking C static library libmain.a
[ 95%] Built target __idf_main
[ 96%] Building C object CMakeFiles/bootloader.elf.dir/project_elf_src_esp32c3.c.obj
[ 97%] Linking C executable bootloader.elf
[ 98%] Built target bootloader.elf
[100%] Generating binary image from built executable
esptool.py v4.7.0
Creating esp32c3 image...
Merged 2 ELF sections
Successfully created esp32c3 image.
Generated /Users/adamh/Dev/esp32c3-led-software/build/bootloader/bootloader.bin
[100%] Built target gen_project_binary
Bootloader binary size 0x5170 bytes. 0x2e90 bytes (36%) free.
[100%] Built target bootloader_check_size
[100%] Built target app
[  1%] No install step for 'bootloader'
[  1%] Completed 'bootloader'
[  1%] Built target bootloader
make: *** [all] Error 2
make failed with exit code 2, output of the command is in the /Users/adamh/Dev/esp32c3-led-software/build/log/idf_py_stderr_output_53241 and /Users/adamh/Dev/esp32c3-led-software/build/log/idf_py_stdout_output_53241